[
  {
    "id": 1,
    "first_name": "John",
    "last_name": "Doe",
    "date_of_birth": "2000-01-01",
    "email": "john.doe@example.com",
    "department": 1,
    "courses": []
  }
]